// Jest Snapshot v1, https://goo.gl/fbAQLP

exports[`async data gets data 1`] = `
[
  1,
  2,
  3,
]
`;
